// Jest Snapshot v1, https://goo.gl/fbAQLP

exports[`Writers handleNewPost should create posts correctly 1`] = `
Array [
  Array [
    "INSERT IGNORE INTO posts SET ?",
    Array [
      Object {
        "author": "0x0",
        "content": "This is a random post with a random number: 951",
        "created_at": 1652650963200,
        "created_at_block": [MockFunction],
        "id": "0x0/0x8fee3afaa1e95194c589c2c7ff049f7667a0ddad86dd1e5172aa5d2053ca88/1652650963200",
        "tag": "private",
        "tx_hash": [MockFunction],
      },
    ],
  ],
]
`;
